// Jest Snapshot v1, https://goo.gl/fbAQLP

exports[`snapshot 1`] = `
<div
  class="dynamicItemSet"
  data-testid="DynamicItemSet"
>
  <div
    class="buttonSet"
    data-testid="ButtonSet"
  />
  <div
    class="one"
    data-testid="One"
  >
    <div
      class="content"
    />
    <div
      class="buttonSet"
      data-testid="ButtonSet"
    >
      <div
        class="container"
      >
        <button
          aria-label="Add to Meal"
          class="mantine-focus-auto mantine-active button m_8d3f4000 mantine-ActionIcon-root m_87cf2631 mantine-UnstyledButton-root"
          data-testid="Button"
          style="--ai-color: var(--mantine-color-white);"
          type="button"
        >
          <span
            class="m_8d3afb97 mantine-ActionIcon-icon"
          >
            <svg
              class="tabler-icon tabler-icon-plus "
              fill="none"
              height="24"
              stroke="currentColor"
              stroke-linecap="round"
              stroke-linejoin="round"
              stroke-width="2"
              viewBox="0 0 24 24"
              width="24"
              xmlns="http://www.w3.org/2000/svg"
            >
              <path
                d="M12 5l0 14"
              />
              <path
                d="M5 12l14 0"
              />
            </svg>
          </span>
        </button>
      </div>
    </div>
  </div>
</div>
`;
