// Jest Snapshot v1, https://goo.gl/fbAQLP

exports[`snapshot 1`] = `
<div
  class="themeSwitch"
  data-testid="ThemeSwitch"
>
  <div
    class="m_bf2d988c mantine-Checkbox-root m_5f75b09e mantine-Checkbox-root"
    data-label-position="right"
    style="--checkbox-color: var(--mantine-color-red-filled);"
  >
    <div
      class="m_5f6e695e mantine-Checkbox-body"
    >
      <div
        class="m_26062bec mantine-Checkbox-inner"
        data-label-position="right"
      >
        <input
          class="mantine-focus-auto m_26063560 mantine-Checkbox-input"
          id="mantine-3pjnqeosc"
          type="checkbox"
        />
        <svg
          aria-hidden="true"
          class="m_bf295423 mantine-Checkbox-icon"
          fill="none"
          viewBox="0 0 10 7"
          xmlns="http://www.w3.org/2000/svg"
        >
          <path
            clip-rule="evenodd"
            d="M4 4.586L1.707 2.293A1 1 0 1 0 .293 3.707l3 3a.997.997 0 0 0 1.414 0l5-5A1 1 0 1 0 8.293.293L4 4.586z"
            fill="currentColor"
            fill-rule="evenodd"
          />
        </svg>
      </div>
      <div
        class="m_d3ea56bb mantine-Checkbox-labelWrapper"
      >
        <label
          class="m_8ee546b8 mantine-Checkbox-label"
          for="mantine-3pjnqeosc"
        >
          Dark Theme
        </label>
      </div>
    </div>
  </div>
</div>
`;
