// Jest Snapshot v1, https://goo.gl/fbAQLP

exports[`snapshot 1`] = `
<div
  class="layout"
  data-testid="Layout"
>
  <div
    class="itemSet"
  >
    <div
      class="error"
      data-testid="Spinner"
    >
      Loading...
    </div>
  </div>
  <div
    class="itemSet"
  >
    <div
      class="error"
      data-testid="Spinner"
    >
      Loading...
    </div>
  </div>
</div>
`;
