// Jest Snapshot v1, https://goo.gl/fbAQLP

exports[`snapshot 1`] = `
<div
  class="title"
  data-testid="Title"
>
  <div
    class="icon"
  >
    <svg
      class="tabler-icon tabler-icon-chef-hat "
      fill="none"
      height="24"
      stroke="currentColor"
      stroke-linecap="round"
      stroke-linejoin="round"
      stroke-width="2"
      viewBox="0 0 24 24"
      width="24"
      xmlns="http://www.w3.org/2000/svg"
    >
      <path
        d="M12 3c1.918 0 3.52 1.35 3.91 3.151a4 4 0 0 1 2.09 7.723l0 7.126h-12v-7.126a4 4 0 1 1 2.092 -7.723a4 4 0 0 1 3.908 -3.151z"
      />
      <path
        d="M6.161 17.009l11.839 -.009"
      />
    </svg>
  </div>
  <div
    class="text"
  >
    Chef hat for no reason
  </div>
</div>
`;
