// Jest Snapshot v1, https://goo.gl/fbAQLP

exports[`Empty snapshot 1`] = `
<div
  class="empty"
  data-testid="Empty"
>
  <div>
    Empty
  </div>
</div>
`;
