// Jest Snapshot v1, https://goo.gl/fbAQLP

exports[`snapshot 1`] = `
<div
  class="partTo"
  data-testid="PartTo"
>
  <div
    class="name"
  >
    A simple part to
  </div>
  <p>
    More Stuff
  </p>
</div>
`;
