// Jest Snapshot v1, https://goo.gl/fbAQLP

exports[`snapshot 1`] = `
<div
  class="version"
  data-testid="Version"
>
  Part To: v1.2.2.2-beta
</div>
`;
