// Jest Snapshot v1, https://goo.gl/fbAQLP

exports[`snapshot 1`] = `
<div
  class="definition"
  data-testid="Definition"
>
  <div
    class="description"
  >
    a simple definition
  </div>
  <div
    class="duration"
  >
    0
  </div>
</div>
`;
