// Jest Snapshot v1, https://goo.gl/fbAQLP

exports[`snapshot 1`] = `
<details
  class="accordion"
  data-testid="Accordion"
  open=""
>
  <summary>
    Some Summary
  </summary>
  <div
    class="body"
  >
    <span
      class="noneSpecified"
    />
    <ul
      id="ulId123456789"
    />
  </div>
</details>
`;
