// Jest Snapshot v1, https://goo.gl/fbAQLP

exports[`snapshot 1`] = `
<div
  class="listItem"
  data-testid="ListItem"
>
  <span
    class="icon"
  >
    <svg
      class="tabler-icon tabler-icon-plane-arrival "
      fill="none"
      height="24"
      stroke="currentColor"
      stroke-linecap="round"
      stroke-linejoin="round"
      stroke-width="2"
      viewBox="0 0 24 24"
      width="24"
      xmlns="http://www.w3.org/2000/svg"
    >
      <path
        d="M15.157 11.81l4.83 1.295a2 2 0 1 1 -1.036 3.863l-14.489 -3.882l-1.345 -6.572l2.898 .776l1.414 2.45l2.898 .776l-.12 -7.279l2.898 .777l2.052 7.797z"
      />
      <path
        d="M3 21h18"
      />
    </svg>
  </span>
  <span
    class="hidden"
  >
    <svg
      class="tabler-icon tabler-icon-eye "
      fill="none"
      height="24"
      stroke="currentColor"
      stroke-linecap="round"
      stroke-linejoin="round"
      stroke-width="2"
      viewBox="0 0 24 24"
      width="24"
      xmlns="http://www.w3.org/2000/svg"
    >
      <path
        d="M10 12a2 2 0 1 0 4 0a2 2 0 0 0 -4 0"
      />
      <path
        d="M21 12c-2.4 4 -5.4 6 -9 6c-3.6 0 -6.6 -2 -9 -6c2.4 -4 5.4 -6 9 -6c3.6 0 6.6 2 9 6"
      />
    </svg>
  </span>
  <span
    class="hidden"
  >
    <svg
      class="tabler-icon tabler-icon-checklist "
      fill="none"
      height="24"
      stroke="currentColor"
      stroke-linecap="round"
      stroke-linejoin="round"
      stroke-width="2"
      viewBox="0 0 24 24"
      width="24"
      xmlns="http://www.w3.org/2000/svg"
    >
      <path
        d="M9.615 20h-2.615a2 2 0 0 1 -2 -2v-12a2 2 0 0 1 2 -2h8a2 2 0 0 1 2 2v8"
      />
      <path
        d="M14 19l2 2l4 -4"
      />
      <path
        d="M9 8h4"
      />
      <path
        d="M9 12h2"
      />
    </svg>
  </span>
  <div
    class="description"
  >
    saute diced green peppers and onion
  </div>
</div>
`;
