// Jest Snapshot v1, https://goo.gl/fbAQLP

exports[`Button snapshot 1`] = `
<button
  aria-label="Hello"
  class="mantine-focus-auto mantine-active button m_8d3f4000 mantine-ActionIcon-root m_87cf2631 mantine-UnstyledButton-root"
  data-testid="Button"
  style="--ai-color: var(--mantine-color-white);"
  type="button"
>
  <span
    class="m_8d3afb97 mantine-ActionIcon-icon"
  >
    <svg
      class="tabler-icon tabler-icon-player-track-next "
      fill="none"
      height="24"
      stroke="currentColor"
      stroke-linecap="round"
      stroke-linejoin="round"
      stroke-width="2"
      viewBox="0 0 24 24"
      width="24"
      xmlns="http://www.w3.org/2000/svg"
    >
      <path
        d="M3 5v14l8 -7z"
      />
      <path
        d="M14 5v14l8 -7z"
      />
    </svg>
  </span>
</button>
`;
