// Jest Snapshot v1, https://goo.gl/fbAQLP

exports[`snapshot 1`] = `
<span
  data-testid="LocalProgress"
>
  <div
    class="m_b32e4812 mantine-RingProgress-root"
    data-testid="Progress"
    style="--rp-size: calc(3.5rem * var(--mantine-scale)); --rp-label-offset: calc(1rem * var(--mantine-scale));"
    title="Hello"
  >
    <svg
      class="m_d43b5134 mantine-RingProgress-svg"
    >
      <circle
        class="m_b1ca1fbf mantine-RingProgress-curve"
        cx="28"
        cy="28"
        fill="none"
        r="17.2"
        stroke-dasharray="15.438683897641276, 92.63210338584761"
        stroke-dashoffset="0"
        stroke-linecap="butt"
        stroke-width="8"
        transform="scale(1, -1) translate(0, -56)"
      />
      <circle
        class="m_b1ca1fbf mantine-RingProgress-curve"
        cx="28"
        cy="28"
        fill="none"
        r="17.2"
        stroke-dasharray="92.63210338584761, 15.438683897641276"
        stroke-dashoffset="108.07078728348888"
        stroke-linecap="butt"
        stroke-width="8"
        style="--curve-color: var(--secondary-color);"
      />
    </svg>
    <div
      class="m_b23f9dc4 mantine-RingProgress-label"
    >
      <div
        class="label"
      >
        11
      </div>
    </div>
  </div>
</span>
`;
