// Jest Snapshot v1, https://goo.gl/fbAQLP

exports[`snapshot 1`] = `
<span
  class="adjustableDigit"
  data-testid="AdjustableDigit"
>
  <div
    class="increment"
  >
    &gt;
  </div>
  5
  <div
    class="decrement"
  >
    &gt;
  </div>
</span>
`;
