// Jest Snapshot v1, https://goo.gl/fbAQLP

exports[`snapshot 1`] = `
<ul
  class="items"
  data-testid="Menu"
>
  <div
    class="error"
    data-testid="Spinner"
  />
</ul>
`;
