// Jest Snapshot v1, https://goo.gl/fbAQLP

exports[`snapshot 1`] = `
<div
  class="detailShell"
  data-testid="DetailShell"
>
  <div
    class="name"
  >
    Some Name
  </div>
  <div
    class="children"
  >
    <div>
      hello
    </div>
  </div>
</div>
`;
