// Jest Snapshot v1, https://goo.gl/fbAQLP

exports[`snapshot 1`] = `
<div
  class="multiple"
  data-testid="Multiple"
>
  WIP
</div>
`;
