// Jest Snapshot v1, https://goo.gl/fbAQLP

exports[`snapshot 1`] = `
<div
  class="list"
  data-testid="List"
  style="height: 100%;"
>
  <div
    class="row"
  >
    <div
      class="item"
    >
      <div>
        hello
      </div>
    </div>
  </div>
  <div
    class="row"
  >
    <div
      class="item"
    >
      <div>
        hello
      </div>
    </div>
  </div>
</div>
`;
